// Jest Snapshot v1, https://goo.gl/fbAQLP

exports[`ReportExportComponentPropsFactory getReportExportComponentForAssessment expected properties are set 1`] = `
"<Fragment>
  <CustomizedActionButton iconProps={{...}} onClick={[Function]}>
    Export result
  </CustomizedActionButton>
  <ExportDialog deps={{...}} isOpen={false} fileName=\\"\\" description=\\"\\" html=\\"\\" onClose={[Function]} onDescriptionChange={[Function]} exportResultsType=\\"Assessment\\" onExportClick={[Function]} featureFlagStoreData={{...}} />
</Fragment>"
`;

exports[`ReportExportComponentPropsFactory getReportExportComponentForFastPass, scanResults is not null, test is Issues, properties are set 1`] = `
"<Fragment>
  <CustomizedActionButton iconProps={{...}} onClick={[Function]}>
    Export result
  </CustomizedActionButton>
  <ExportDialog deps={{...}} isOpen={false} fileName=\\"\\" description=\\"\\" html=\\"\\" onClose={[Function]} onDescriptionChange={[Function]} exportResultsType=\\"AutomatedChecks\\" onExportClick={[Function]} featureFlagStoreData={{...}} />
</Fragment>"
`;
